<html>
<body>
<pre>
<h1>礦ision Build Log</h1>
<h2>Tool Versions:</h2>
IDE-Version: μVision V5.36.0.0
Copyright (C) 2021 ARM Ltd and ARM Germany GmbH. All rights reserved.
License Information: njy njy, njy, LIC=QF82M-XRWAD-KPIZY-IYT0E-7RG7I-KIX56
 
Tool Versions:
Toolchain:       MDK-ARM Plus  Version: 5.36.0.0
Toolchain Path:  E:\Tool\Keil\ARM\ARMCC\Bin
C Compiler:      Armcc.exe V5.06 update 7 (build 960)
Assembler:       Armasm.exe V5.06 update 7 (build 960)
Linker/Locator:  ArmLink.exe V5.06 update 7 (build 960)
Library Manager: ArmAr.exe V5.06 update 7 (build 960)
Hex Converter:   FromElf.exe V5.06 update 7 (build 960)
CPU DLL:         SARMCM3.DLL V5.36.0.0
Dialog DLL:      DCM.DLL V1.17.3.0
Target DLL:      STLink\ST-LINKIII-KEIL_SWO.dll V3.0.9.0
Dialog DLL:      TCM.DLL V1.53.0.0
 
<h2>Project:</h2>
D:\CUBE\F1_DS18B20\MDK-ARM\F1_DS18B20.uvprojx
Project File Date:  09/06/2022

<h2>Output:</h2>
*** Using Compiler 'V5.06 update 7 (build 960)', folder: 'E:\Tool\Keil\ARM\ARMCC\Bin'
Build target 'F1_DS18B20'
compiling main.c...
../Drivers/DS18B20/ds18b20.h(21): warning:  #1-D: last line of file ends without a newline
  #endif
../Core/Src/main.c(173): warning:  #167-D: argument of type "char *" is incompatible with parameter of type "uint8_t *"
  	LCD_ShowString(110,70,200,16,16,buf);	//显示整数
../Core/Src/main.c(178): warning:  #167-D: argument of type "char *" is incompatible with parameter of type "uint8_t *"
  	LCD_ShowString(155,70,200,16,16,buf);	//显示小数
../Core/Src/main.c(182): warning:  #167-D: argument of type "char *" is incompatible with parameter of type "uint8_t *"
  	LCD_ShowString(130,90,200,16,16,buf);	//显示小数
../Core/Src/main.c(185): warning:  #167-D: argument of type "char *" is incompatible with parameter of type "uint8_t *"
  	LCD_ShowString(130,50,200,16,16,buf);	//显示小数
../Core/Src/main.c: 5 warnings, 0 errors
linking...
Program Size: Code=29788 RO-data=6440 RW-data=56 ZI-data=1328  
FromELF: creating hex file...
"F1_DS18B20\F1_DS18B20.axf" - 0 Error(s), 5 Warning(s).

<h2>Software Packages used:</h2>

Package Vendor: ARM
                http://www.keil.com/pack/ARM.CMSIS.5.8.0.pack
                ARM.CMSIS.5.8.0
                CMSIS (Common Microcontroller Software Interface Standard)
   * Component: CORE Version: 5.5.0

Package Vendor: Keil
                http://www.keil.com/pack/Keil.STM32F1xx_DFP.2.3.0.pack
                Keil.STM32F1xx_DFP.2.3.0
                STMicroelectronics STM32F1 Series Device Support, Drivers and Examples

<h2>Collection of Component include folders:</h2>
  .\RTE\_F1_DS18B20
  E:\Tool\Keil\Pack\ARM\CMSIS\5.8.0\CMSIS\Core\Include
  E:\Tool\Keil\Pack\Keil\STM32F1xx_DFP\2.3.0\Device\Include

<h2>Collection of Component Files used:</h2>

   * Component: ARM::CMSIS:CORE:5.5.0
      Include file:  CMSIS\Core\Include\tz_context.h
Build Time Elapsed:  00:00:02
</pre>
</body>
</html>
