<html>
<body>
<pre>
<h1>礦ision Build Log</h1>
<h2>Tool Versions:</h2>
IDE-Version: μVision V5.36.0.0
Copyright (C) 2021 ARM Ltd and ARM Germany GmbH. All rights reserved.
License Information: 1 Roxy, Roxy, LIC=BUURY-ISTR5-IIA5V-PWE2M-51IVK-SIPBA
 
Tool Versions:
Toolchain:       MDK-ARM Plus  Version: 5.36.0.0
Toolchain Path:  D:\Keil\ARM\ARMCC\Bin
C Compiler:      Armcc.exe V5.06 update 7 (build 960)
Assembler:       Armasm.exe V5.06 update 7 (build 960)
Linker/Locator:  ArmLink.exe V5.06 update 7 (build 960)
Library Manager: ArmAr.exe V5.06 update 7 (build 960)
Hex Converter:   FromElf.exe V5.06 update 7 (build 960)
CPU DLL:         SARMCM3.DLL V5.36.0.0
Dialog DLL:      DCM.DLL V1.17.3.0
Target DLL:      STLink\ST-LINKIII-KEIL_SWO.dll V3.0.9.0
Dialog DLL:      TCM.DLL V1.53.0.0
 
<h2>Project:</h2>
D:\CUBE\F1_DS18B20\MDK-ARM\02LCD_F1.uvprojx
Project File Date:  08/15/2022

<h2>Output:</h2>
*** Using Compiler 'V5.06 update 7 (build 960)', folder: 'D:\Keil\ARM\ARMCC\Bin'
Build target '02LCD_F1'
compiling main.c...
../Drivers/DS18B20/ds18b20.h(21): warning:  #1-D: last line of file ends without a newline
  #endif
../Core/Src/main.c(139): warning:  #167-D: argument of type "char *" is incompatible with parameter of type "uint8_t *"
  	LCD_ShowString(110,70,200,16,16,buf);	//显示整数
../Core/Src/main.c(143): warning:  #167-D: argument of type "char *" is incompatible with parameter of type "uint8_t *"
  	LCD_ShowString(155,70,200,16,16,buf);	//显示小数
../Core/Src/main.c: 3 warnings, 0 errors
linking...
Program Size: Code=29256 RO-data=6440 RW-data=24 ZI-data=1792  
FromELF: creating hex file...
"02LCD\02LCD_F1.axf" - 0 Error(s), 3 Warning(s).

<h2>Software Packages used:</h2>

Package Vendor: ARM
                http://www.keil.com/pack/ARM.CMSIS.5.8.0.pack
                ARM.CMSIS.5.8.0
                CMSIS (Common Microcontroller Software Interface Standard)
   * Component: CORE Version: 5.5.0

Package Vendor: Keil
                http://www.keil.com/pack/Keil.STM32F1xx_DFP.2.3.0.pack
                Keil.STM32F1xx_DFP.2.3.0
                STMicroelectronics STM32F1 Series Device Support, Drivers and Examples

<h2>Collection of Component include folders:</h2>
  .\RTE\_02LCD_F1
  D:\Keil Pack\ARM\CMSIS\5.8.0\CMSIS\Core\Include
  D:\Keil Pack\Keil\STM32F1xx_DFP\2.3.0\Device\Include

<h2>Collection of Component Files used:</h2>

   * Component: ARM::CMSIS:CORE:5.5.0
      Include file:  CMSIS\Core\Include\tz_context.h
Build Time Elapsed:  00:00:02
</pre>
</body>
</html>
