Archive member included to satisfy reference by file (symbol)

D:\allProject\stm32_Project\AD7606_Demo/Drivers/DSP\libarm_cortexM4lf_math.a(arm_sin_f32.o)
                              ./Core/Src/main.o (arm_sin_f32)
D:\allProject\stm32_Project\AD7606_Demo/Drivers/DSP\libarm_cortexM4lf_math.a(arm_common_tables.o)
                              D:\allProject\stm32_Project\AD7606_Demo/Drivers/DSP\libarm_cortexM4lf_math.a(arm_sin_f32.o) (sinTable_f32)
e:/tool/cubeide/stm32cubeide/plugins/com.st.stm32cube.ide.mcu.externaltools.gnu-tools-for-stm32.10.3-2021.10.win32_1.0.0.202111181127/tools/bin/../lib/gcc/arm-none-eabi/10.3.1/../../../../arm-none-eabi/lib/thumb/v7e-m+fp/hard\libc_nano.a(lib_a-errno.o)
                              ./Core/Src/syscalls.o (__errno)
e:/tool/cubeide/stm32cubeide/plugins/com.st.stm32cube.ide.mcu.externaltools.gnu-tools-for-stm32.10.3-2021.10.win32_1.0.0.202111181127/tools/bin/../lib/gcc/arm-none-eabi/10.3.1/../../../../arm-none-eabi/lib/thumb/v7e-m+fp/hard\libc_nano.a(lib_a-exit.o)
                              e:/tool/cubeide/stm32cubeide/plugins/com.st.stm32cube.ide.mcu.externaltools.gnu-tools-for-stm32.10.3-2021.10.win32_1.0.0.202111181127/tools/bin/../lib/gcc/arm-none-eabi/10.3.1/../../../../arm-none-eabi/lib/thumb/v7e-m+fp/hard/crt0.o (exit)
e:/tool/cubeide/stm32cubeide/plugins/com.st.stm32cube.ide.mcu.externaltools.gnu-tools-for-stm32.10.3-2021.10.win32_1.0.0.202111181127/tools/bin/../lib/gcc/arm-none-eabi/10.3.1/../../../../arm-none-eabi/lib/thumb/v7e-m+fp/hard\libc_nano.a(lib_a-impure.o)
                              e:/tool/cubeide/stm32cubeide/plugins/com.st.stm32cube.ide.mcu.externaltools.gnu-tools-for-stm32.10.3-2021.10.win32_1.0.0.202111181127/tools/bin/../lib/gcc/arm-none-eabi/10.3.1/../../../../arm-none-eabi/lib/thumb/v7e-m+fp/hard\libc_nano.a(lib_a-exit.o) (_global_impure_ptr)
e:/tool/cubeide/stm32cubeide/plugins/com.st.stm32cube.ide.mcu.externaltools.gnu-tools-for-stm32.10.3-2021.10.win32_1.0.0.202111181127/tools/bin/../lib/gcc/arm-none-eabi/10.3.1/../../../../arm-none-eabi/lib/thumb/v7e-m+fp/hard\libc_nano.a(lib_a-init.o)
                              e:/tool/cubeide/stm32cubeide/plugins/com.st.stm32cube.ide.mcu.externaltools.gnu-tools-for-stm32.10.3-2021.10.win32_1.0.0.202111181127/tools/bin/../lib/gcc/arm-none-eabi/10.3.1/../../../../arm-none-eabi/lib/thumb/v7e-m+fp/hard/crt0.o (__libc_init_array)
e:/tool/cubeide/stm32cubeide/plugins/com.st.stm32cube.ide.mcu.externaltools.gnu-tools-for-stm32.10.3-2021.10.win32_1.0.0.202111181127/tools/bin/../lib/gcc/arm-none-eabi/10.3.1/../../../../arm-none-eabi/lib/thumb/v7e-m+fp/hard\libc_nano.a(lib_a-memset.o)
                              e:/tool/cubeide/stm32cubeide/plugins/com.st.stm32cube.ide.mcu.externaltools.gnu-tools-for-stm32.10.3-2021.10.win32_1.0.0.202111181127/tools/bin/../lib/gcc/arm-none-eabi/10.3.1/../../../../arm-none-eabi/lib/thumb/v7e-m+fp/hard/crt0.o (memset)
e:/tool/cubeide/stm32cubeide/plugins/com.st.stm32cube.ide.mcu.externaltools.gnu-tools-for-stm32.10.3-2021.10.win32_1.0.0.202111181127/tools/bin/../lib/gcc/arm-none-eabi/10.3.1/thumb/v7e-m+fp/hard\libgcc.a(_arm_muldf3.o)
                              ./Core/Src/main.o (__aeabi_dmul)
e:/tool/cubeide/stm32cubeide/plugins/com.st.stm32cube.ide.mcu.externaltools.gnu-tools-for-stm32.10.3-2021.10.win32_1.0.0.202111181127/tools/bin/../lib/gcc/arm-none-eabi/10.3.1/thumb/v7e-m+fp/hard\libgcc.a(_arm_addsubdf3.o)
                              ./Core/Src/main.o (__aeabi_dadd)
e:/tool/cubeide/stm32cubeide/plugins/com.st.stm32cube.ide.mcu.externaltools.gnu-tools-for-stm32.10.3-2021.10.win32_1.0.0.202111181127/tools/bin/../lib/gcc/arm-none-eabi/10.3.1/thumb/v7e-m+fp/hard\libgcc.a(_arm_muldivdf3.o)
                              ./Core/Src/main.o (__aeabi_ddiv)
e:/tool/cubeide/stm32cubeide/plugins/com.st.stm32cube.ide.mcu.externaltools.gnu-tools-for-stm32.10.3-2021.10.win32_1.0.0.202111181127/tools/bin/../lib/gcc/arm-none-eabi/10.3.1/thumb/v7e-m+fp/hard\libgcc.a(_arm_truncdfsf2.o)
                              ./Core/Src/main.o (__aeabi_d2f)
e:/tool/cubeide/stm32cubeide/plugins/com.st.stm32cube.ide.mcu.externaltools.gnu-tools-for-stm32.10.3-2021.10.win32_1.0.0.202111181127/tools/bin/../lib/gcc/arm-none-eabi/10.3.1/thumb/v7e-m+fp/hard\libgcc.a(_aeabi_uldivmod.o)
                              ./Drivers/STM32F4xx_HAL_Driver/Src/stm32f4xx_hal_rcc.o (__aeabi_uldivmod)
e:/tool/cubeide/stm32cubeide/plugins/com.st.stm32cube.ide.mcu.externaltools.gnu-tools-for-stm32.10.3-2021.10.win32_1.0.0.202111181127/tools/bin/../lib/gcc/arm-none-eabi/10.3.1/thumb/v7e-m+fp/hard\libgcc.a(_udivmoddi4.o)
                              e:/tool/cubeide/stm32cubeide/plugins/com.st.stm32cube.ide.mcu.externaltools.gnu-tools-for-stm32.10.3-2021.10.win32_1.0.0.202111181127/tools/bin/../lib/gcc/arm-none-eabi/10.3.1/thumb/v7e-m+fp/hard\libgcc.a(_aeabi_uldivmod.o) (__udivmoddi4)
[...]
Memory Configuration

Name             Origin             Length             Attributes
CCMRAM           0x0000000010000000 0x0000000000010000 xrw
RAM              0x0000000020000000 0x0000000000020000 xrw
FLASH            0x0000000008000000 0x0000000000100000 xr
*default*        0x0000000000000000 0xffffffffffffffff

Linker script and memory map

LOAD e:/tool/cubeide/stm32cubeide/plugins/com.st.stm32cube.ide.mcu.externaltools.gnu-tools-for-stm32.10.3-2021.10.win32_1.0.0.202111181127/tools/bin/../lib/gcc/arm-none-eabi/10.3.1/thumb/v7e-m+fp/hard/crti.o
LOAD e:/tool/cubeide/stm32cubeide/plugins/com.st.stm32cube.ide.mcu.externaltools.gnu-tools-for-stm32.10.3-2021.10.win32_1.0.0.202111181127/tools/bin/../lib/gcc/arm-none-eabi/10.3.1/thumb/v7e-m+fp/hard/crtbegin.o
LOAD e:/tool/cubeide/stm32cubeide/plugins/com.st.stm32cube.ide.mcu.externaltools.gnu-tools-for-stm32.10.3-2021.10.win32_1.0.0.202111181127/tools/bin/../lib/gcc/arm-none-eabi/10.3.1/../../../../arm-none-eabi/lib/thumb/v7e-m+fp/hard/crt0.o
LOAD ./Core/Src/fsmc.o
LOAD ./Core/Src/gpio.o
LOAD ./Core/Src/main.o
LOAD ./Core/Src/stm32f4xx_hal_msp.o
LOAD ./Core/Src/stm32f4xx_it.o
LOAD ./Core/Src/syscalls.o
LOAD ./Core/Src/sysmem.o
LOAD ./Core/Src/system_stm32f4xx.o
LOAD ./Core/Src/tim.o
LOAD ./Core/Startup/startup_stm32f407zgtx.o
LOAD ./Drivers/STM32F4xx_HAL_Driver/Src/stm32f4xx_hal.o
LOAD ./Drivers/STM32F4xx_HAL_Driver/Src/stm32f4xx_hal_cortex.o
LOAD ./Drivers/STM32F4xx_HAL_Driver/Src/stm32f4xx_hal_dma.o
LOAD ./Drivers/STM32F4xx_HAL_Driver/Src/stm32f4xx_hal_dma_ex.o
LOAD ./Drivers/STM32F4xx_HAL_Driver/Src/stm32f4xx_hal_exti.o
LOAD ./Drivers/STM32F4xx_HAL_Driver/Src/stm32f4xx_hal_flash.o
LOAD ./Drivers/STM32F4xx_HAL_Driver/Src/stm32f4xx_hal_flash_ex.o
LOAD ./Drivers/STM32F4xx_HAL_Driver/Src/stm32f4xx_hal_flash_ramfunc.o
LOAD ./Drivers/STM32F4xx_HAL_Driver/Src/stm32f4xx_hal_gpio.o
LOAD ./Drivers/STM32F4xx_HAL_Driver/Src/stm32f4xx_hal_pwr.o
LOAD ./Drivers/STM32F4xx_HAL_Driver/Src/stm32f4xx_hal_pwr_ex.o
LOAD ./Drivers/STM32F4xx_HAL_Driver/Src/stm32f4xx_hal_rcc.o
LOAD ./Drivers/STM32F4xx_HAL_Driver/Src/stm32f4xx_hal_rcc_ex.o
LOAD ./Drivers/STM32F4xx_HAL_Driver/Src/stm32f4xx_hal_sram.o
LOAD ./Drivers/STM32F4xx_HAL_Driver/Src/stm32f4xx_hal_tim.o
LOAD ./Drivers/STM32F4xx_HAL_Driver/Src/stm32f4xx_hal_tim_ex.o
LOAD ./Drivers/STM32F4xx_HAL_Driver/Src/stm32f4xx_ll_fsmc.o
LOAD ./Drivers/ad7606/ad7606.o
LOAD D:\allProject\stm32_Project\AD7606_Demo/Drivers/DSP\libarm_cortexM4lf_math.a
START GROUP
LOAD e:/tool/cubeide/stm32cubeide/plugins/com.st.stm32cube.ide.mcu.externaltools.gnu-tools-for-stm32.10.3-2021.10.win32_1.0.0.202111181127/tools/bin/../lib/gcc/arm-none-eabi/10.3.1/../../../../arm-none-eabi/lib/thumb/v7e-m+fp/hard\libc_nano.a
LOAD e:/tool/cubeide/stm32cubeide/plugins/com.st.stm32cube.ide.mcu.externaltools.gnu-tools-for-stm32.10.3-2021.10.win32_1.0.0.202111181127/tools/bin/../lib/gcc/arm-none-eabi/10.3.1/../../../../arm-none-eabi/lib/thumb/v7e-m+fp/hard\libm.a
END GROUP
START GROUP
LOAD e:/tool/cubeide/stm32cubeide/plugins/com.st.stm32cube.ide.mcu.externaltools.gnu-tools-for-stm32.10.3-2021.10.win32_1.0.0.202111181127/tools/bin/../lib/gcc/arm-none-eabi/10.3.1/thumb/v7e-m+fp/hard\libgcc.a
LOAD e:/tool/cubeide/stm32cubeide/plugins/com.st.stm32cube.ide.mcu.externaltools.gnu-tools-for-stm32.10.3-2021.10.win32_1.0.0.202111181127/tools/bin/../lib/gcc/arm-none-eabi/10.3.1/../../../../arm-none-eabi/lib/thumb/v7e-m+fp/hard\libc_nano.a
END GROUP
START GROUP
LOAD e:/tool/cubeide/stm32cubeide/plugins/com.st.stm32cube.ide.mcu.externaltools.gnu-tools-for-stm32.10.3-2021.10.win32_1.0.0.202111181127/tools/bin/../lib/gcc/arm-none-eabi/10.3.1/thumb/v7e-m+fp/hard\libgcc.a
LOAD e:/tool/cubeide/stm32cubeide/plugins/com.st.stm32cube.ide.mcu.externaltools.gnu-tools-for-stm32.10.3-2021.10.win32_1.0.0.202111181127/tools/bin/../lib/gcc/arm-none-eabi/10.3.1/../../../../arm-none-eabi/lib/thumb/v7e-m+fp/hard\libc_nano.a
LOAD e:/tool/cubeide/stm32cubeide/plugins/com.st.stm32cube.ide.mcu.externaltools.gnu-tools-for-stm32.10.3-2021.10.win32_1.0.0.202111181127/tools/bin/../lib/gcc/arm-none-eabi/10.3.1/../../../../arm-none-eabi/lib/thumb/v7e-m+fp/hard\libnosys.a
END GROUP
START GROUP
LOAD e:/tool/cubeide/stm32cubeide/plugins/com.st.stm32cube.ide.mcu.externaltools.gnu-tools-for-stm32.10.3-2021.10.win32_1.0.0.202111181127/tools/bin/../lib/gcc/arm-none-eabi/10.3.1/thumb/v7e-m+fp/hard\libgcc.a
LOAD e:/tool/cubeide/stm32cubeide/plugins/com.st.stm32cube.ide.mcu.externaltools.gnu-tools-for-stm32.10.3-2021.10.win32_1.0.0.202111181127/tools/bin/../lib/gcc/arm-none-eabi/10.3.1/../../../../arm-none-eabi/lib/thumb/v7e-m+fp/hard\libc_nano.a
LOAD e:/tool/cubeide/stm32cubeide/plugins/com.st.stm32cube.ide.mcu.externaltools.gnu-tools-for-stm32.10.3-2021.10.win32_1.0.0.202111181127/tools/bin/../lib/gcc/arm-none-eabi/10.3.1/../../../../arm-none-eabi/lib/thumb/v7e-m+fp/hard\libnosys.a
END GROUP
LOAD e:/tool/cubeide/stm32cubeide/plugins/com.st.stm32cube.ide.mcu.externaltools.gnu-tools-for-stm32.10.3-2021.10.win32_1.0.0.202111181127/tools/bin/../lib/gcc/arm-none-eabi/10.3.1/thumb/v7e-m+fp/hard/crtend.o
LOAD e:/tool/cubeide/stm32cubeide/plugins/com.st.stm32cube.ide.mcu.externaltools.gnu-tools-for-stm32.10.3-2021.10.win32_1.0.0.202111181127/tools/bin/../lib/gcc/arm-none-eabi/10.3.1/thumb/v7e-m+fp/hard/crtn.o
                0x0000000020020000                _estack = (ORIGIN (RAM) + LENGTH (RAM))
                0x0000000000000200                _Min_Heap_Size = 0x200
                0x0000000000000400                _Min_Stack_Size = 0x400

.isr_vector     0x0000000008000000      0x188
                0x0000000008000000                . = ALIGN (0x4)
 *(.isr_vector)
 .isr_vector    0x0000000008000000      0x188 ./Core/Startup/startup_stm32f407zgtx.o
                0x0000000008000000                g_pfnVectors
                0x0000000008000188                . = ALIGN (0x4)

.text           0x0000000008000188     0x30ec
                0x0000000008000188                . = ALIGN (0x4)
 *(.text)
 .text          0x0000000008000188       0x40 e:/tool/cubeide/stm32cubeide/plugins/com.st.stm32cube.ide.mcu.externaltools.gnu-tools-for-stm32.10.3-2021.10.win32_1.0.0.202111181127/tools/bin/../lib/gcc/arm-none-eabi/10.3.1/thumb/v7e-m+fp/hard/crtbegin.o
 .text          0x00000000080001c8      0x378 e:/tool/cubeide/stm32cubeide/plugins/com.st.stm32cube.ide.mcu.externaltools.gnu-tools-for-stm32.10.3-2021.10.win32_1.0.0.202111181127/tools/bin/../lib/gcc/arm-none-eabi/10.3.1/thumb/v7e-m+fp/hard\libgcc.a(_arm_addsubdf3.o)
                0x00000000080001c8                __aeabi_drsub
                0x00000000080001d0                __aeabi_dsub
                0x00000000080001d0                __subdf3
                0x00000000080001d4                __aeabi_dadd
                0x00000000080001d4                __adddf3
                0x000000000800044c                __floatunsidf
                0x000000000800044c                __aeabi_ui2d
                0x000000000800046c                __floatsidf
                0x000000000800046c                __aeabi_i2d
                0x0000000008000490                __aeabi_f2d
                0x0000000008000490                __extendsfdf2
                0x00000000080004d4                __floatundidf
                0x00000000080004d4                __aeabi_ul2d
                0x00000000080004e4                __floatdidf
                0x00000000080004e4                __aeabi_l2d
 .text          0x0000000008000540      0x424 e:/tool/cubeide/stm32cubeide/plugins/com.st.stm32cube.ide.mcu.externaltools.gnu-tools-for-stm32.10.3-2021.10.win32_1.0.0.202111181127/tools/bin/../lib/gcc/arm-none-eabi/10.3.1/thumb/v7e-m+fp/hard\libgcc.a(_arm_muldivdf3.o)
                0x0000000008000540                __aeabi_dmul
                0x0000000008000540                __muldf3
                0x0000000008000794                __divdf3
                0x0000000008000794                __aeabi_ddiv
 .text          0x0000000008000964       0xa0 e:/tool/cubeide/stm32cubeide/plugins/com.st.stm32cube.ide.mcu.externaltools.gnu-tools-for-stm32.10.3-2021.10.win32_1.0.0.202111181127/tools/bin/../lib/gcc/arm-none-eabi/10.3.1/thumb/v7e-m+fp/hard\libgcc.a(_arm_truncdfsf2.o)
                0x0000000008000964                __truncdfsf2
                0x0000000008000964                __aeabi_d2f
 .text          0x0000000008000a04       0x30 e:/tool/cubeide/stm32cubeide/plugins/com.st.stm32cube.ide.mcu.externaltools.gnu-tools-for-stm32.10.3-2021.10.win32_1.0.0.202111181127/tools/bin/../lib/gcc/arm-none-eabi/10.3.1/thumb/v7e-m+fp/hard\libgcc.a(_aeabi_uldivmod.o)
                0x0000000008000a04                __aeabi_uldivmod
 .text          0x0000000008000a34      0x2d0 e:/tool/cubeide/stm32cubeide/plugins/com.st.stm32cube.ide.mcu.externaltools.gnu-tools-for-stm32.10.3-2021.10.win32_1.0.0.202111181127/tools/bin/../lib/gcc/arm-none-eabi/10.3.1/thumb/v7e-m+fp/hard\libgcc.a(_udivmoddi4.o)
                0x0000000008000a34                __udivmoddi4
 .text          0x0000000008000d04        0x4 e:/tool/cubeide/stm32cubeide/plugins/com.st.stm32cube.ide.mcu.externaltools.gnu-tools-for-stm32.10.3-2021.10.win32_1.0.0.202111181127/tools/bin/../lib/gcc/arm-none-eabi/10.3.1/thumb/v7e-m+fp/hard\libgcc.a(_dvmd_tls.o)
                0x0000000008000d04                __aeabi_idiv0
                0x0000000008000d04                __aeabi_ldiv0
 *(.text*)
 .text.MX_FSMC_Init
                0x0000000008000d08       0xbc ./Core/Src/fsmc.o
                0x0000000008000d08                MX_FSMC_Init
 .text.HAL_FSMC_MspInit
                0x0000000008000dc4       0xe0 ./Core/Src/fsmc.o
 .text.HAL_SRAM_MspInit
                0x0000000008000ea4       0x14 ./Core/Src/fsmc.o
                0x0000000008000ea4                HAL_SRAM_MspInit
 .text.MX_GPIO_Init
                0x0000000008000eb8      0x164 ./Core/Src/gpio.o
                0x0000000008000eb8                MX_GPIO_Init
 *fill*         0x000000000800101c        0x4 
 .text.main     0x0000000008001020       0xa4 ./Core/Src/main.o
                0x0000000008001020                main
 .text.SystemClock_Config
                0x00000000080010c4       0xd4 ./Core/Src/main.o
                0x00000000080010c4                SystemClock_Config
 .text.Error_Handler
                0x0000000008001198        0xa ./Core/Src/main.o
                0x0000000008001198                Error_Handler
 *fill*         0x00000000080011a2        0x2 
 .text.HAL_MspInit
                0x00000000080011a4       0x50 ./Core/Src/stm32f4xx_hal_msp.o
                0x00000000080011a4                HAL_MspInit
 .text.NMI_Handler
                0x00000000080011f4        0x6 ./Core/Src/stm32f4xx_it.o
                0x00000000080011f4                NMI_Handler
 .text.HardFault_Handler
                0x00000000080011fa        0x6 ./Core/Src/stm32f4xx_it.o
                0x00000000080011fa                HardFault_Handler
 .text.MemManage_Handler
                0x0000000008001200        0x6 ./Core/Src/stm32f4xx_it.o
                0x0000000008001200                MemManage_Handler
 .text.BusFault_Handler
                0x0000000008001206        0x6 ./Core/Src/stm32f4xx_it.o
                0x0000000008001206                BusFault_Handler
 .text.UsageFault_Handler
                0x000000000800120c        0x6 ./Core/Src/stm32f4xx_it.o
                0x000000000800120c                UsageFault_Handler
 .text.SVC_Handler
                0x0000000008001212        0xe ./Core/Src/stm32f4xx_it.o
                0x0000000008001212                SVC_Handler
 .text.DebugMon_Handler
                0x0000000008001220        0xe ./Core/Src/stm32f4xx_it.o
                0x0000000008001220                DebugMon_Handler
 .text.PendSV_Handler
                0x000000000800122e        0xe ./Core/Src/stm32f4xx_it.o
                0x000000000800122e                PendSV_Handler
 .text.SysTick_Handler
                0x000000000800123c        0xc ./Core/Src/stm32f4xx_it.o
                0x000000000800123c                SysTick_Handler
 .text.EXTI9_5_IRQHandler
                0x0000000008001248        0xe ./Core/Src/stm32f4xx_it.o
                0x0000000008001248                EXTI9_5_IRQHandler
 *fill*         0x0000000008001256        0x2 
 .text.SystemInit
                0x0000000008001258       0x24 ./Core/Src/system_stm32f4xx.o
                0x0000000008001258                SystemInit
 .text.MX_TIM3_Init
                0x000000000800127c       0xec ./Core/Src/tim.o
                0x000000000800127c                MX_TIM3_Init
 .text.HAL_TIM_Base_MspInit
                0x0000000008001368       0x44 ./Core/Src/tim.o
                0x0000000008001368                HAL_TIM_Base_MspInit
 .text.HAL_TIM_MspPostInit
                0x00000000080013ac       0x74 ./Core/Src/tim.o
                0x00000000080013ac                HAL_TIM_MspPostInit
 .text.Reset_Handler
                0x0000000008001420       0x50 ./Core/Startup/startup_stm32f407zgtx.o
                0x0000000008001420                Reset_Handler
 .text.Default_Handler
                0x0000000008001470        0x2 ./Core/Startup/startup_stm32f407zgtx.o
                0x0000000008001470                RTC_Alarm_IRQHandler
                0x0000000008001470                HASH_RNG_IRQHandler
                0x0000000008001470                EXTI2_IRQHandler
                0x0000000008001470                TIM8_CC_IRQHandler
                0x0000000008001470                TIM1_CC_IRQHandler
                0x0000000008001470                DMA2_Stream5_IRQHandler
                0x0000000008001470                DMA1_Stream5_IRQHandler
                0x0000000008001470                PVD_IRQHandler
                0x0000000008001470                SDIO_IRQHandler
                0x0000000008001470                TAMP_STAMP_IRQHandler
                0x0000000008001470                CAN2_RX1_IRQHandler
                0x0000000008001470                EXTI3_IRQHandler
                0x0000000008001470                TIM8_TRG_COM_TIM14_IRQHandler
                0x0000000008001470                TIM1_UP_TIM10_IRQHandler
                0x0000000008001470                TIM8_UP_TIM13_IRQHandler
                0x0000000008001470                I2C3_ER_IRQHandler
                0x0000000008001470                EXTI0_IRQHandler
                0x0000000008001470                I2C2_EV_IRQHandler
                0x0000000008001470                DMA1_Stream2_IRQHandler
                0x0000000008001470                CAN1_RX0_IRQHandler
                0x0000000008001470                FPU_IRQHandler
                0x0000000008001470                OTG_HS_WKUP_IRQHandler
                0x0000000008001470                CAN2_SCE_IRQHandler
                0x0000000008001470                DMA2_Stream2_IRQHandler
                0x0000000008001470                SPI1_IRQHandler
                0x0000000008001470                TIM6_DAC_IRQHandler
                0x0000000008001470                TIM1_BRK_TIM9_IRQHandler
                0x0000000008001470                DCMI_IRQHandler
                0x0000000008001470                CAN2_RX0_IRQHandler
                0x0000000008001470                DMA2_Stream3_IRQHandler
                0x0000000008001470                USART6_IRQHandler
                0x0000000008001470                USART3_IRQHandler
                0x0000000008001470                CAN1_RX1_IRQHandler
                0x0000000008001470                UART5_IRQHandler
                0x0000000008001470                DMA2_Stream0_IRQHandler
                0x0000000008001470                TIM4_IRQHandler
                0x0000000008001470                I2C1_EV_IRQHandler
                0x0000000008001470                DMA1_Stream6_IRQHandler
                0x0000000008001470                DMA1_Stream1_IRQHandler
                0x0000000008001470                UART4_IRQHandler
                0x0000000008001470                TIM3_IRQHandler
                0x0000000008001470                RCC_IRQHandler
                0x0000000008001470                TIM8_BRK_TIM12_IRQHandler
                0x0000000008001470                Default_Handler
                0x0000000008001470                EXTI15_10_IRQHandler
                0x0000000008001470                ADC_IRQHandler
                0x0000000008001470                DMA1_Stream7_IRQHandler
                0x0000000008001470                TIM7_IRQHandler
                0x0000000008001470                CAN2_TX_IRQHandler
                0x0000000008001470                TIM5_IRQHandler
                0x0000000008001470                DMA2_Stream7_IRQHandler
                0x0000000008001470                I2C3_EV_IRQHandler
                0x0000000008001470                RTC_WKUP_IRQHandler
                0x0000000008001470                ETH_WKUP_IRQHandler
                0x0000000008001470                SPI2_IRQHandler
                0x0000000008001470                OTG_HS_EP1_IN_IRQHandler
                0x0000000008001470                DMA1_Stream0_IRQHandler
                0x0000000008001470                CAN1_TX_IRQHandler
                0x0000000008001470                EXTI4_IRQHandler
                0x0000000008001470                FSMC_IRQHandler
                0x0000000008001470                ETH_IRQHandler
                0x0000000008001470                OTG_HS_EP1_OUT_IRQHandler
                0x0000000008001470                WWDG_IRQHandler
                0x0000000008001470                TIM2_IRQHandler
                0x0000000008001470                OTG_FS_WKUP_IRQHandler
                0x0000000008001470                TIM1_TRG_COM_TIM11_IRQHandler
                0x0000000008001470                OTG_HS_IRQHandler
                0x0000000008001470                EXTI1_IRQHandler
                0x0000000008001470                USART2_IRQHandler
                0x0000000008001470                I2C2_ER_IRQHandler
                0x0000000008001470                DMA2_Stream1_IRQHandler
                0x0000000008001470                CAN1_SCE_IRQHandler
                0x0000000008001470                FLASH_IRQHandler
                0x0000000008001470                DMA2_Stream4_IRQHandler
                0x0000000008001470                USART1_IRQHandler
                0x0000000008001470                OTG_FS_IRQHandler
                0x0000000008001470                SPI3_IRQHandler
                0x0000000008001470                DMA1_Stream4_IRQHandler
                0x0000000008001470                I2C1_ER_IRQHandler
                0x0000000008001470                DMA2_Stream6_IRQHandler
                0x0000000008001470                DMA1_Stream3_IRQHandler
 *fill*         0x0000000008001472        0x2 
 .text.HAL_Init
                0x0000000008001474       0x44 ./Drivers/STM32F4xx_HAL_Driver/Src/stm32f4xx_hal.o
                0x0000000008001474                HAL_Init
 .text.HAL_InitTick
                0x00000000080014b8       0x60 ./Drivers/STM32F4xx_HAL_Driver/Src/stm32f4xx_hal.o
                0x00000000080014b8                HAL_InitTick
 .text.HAL_IncTick
                0x0000000008001518       0x28 ./Drivers/STM32F4xx_HAL_Driver/Src/stm32f4xx_hal.o
                0x0000000008001518                HAL_IncTick
 .text.HAL_GetTick
                0x0000000008001540       0x18 ./Drivers/STM32F4xx_HAL_Driver/Src/stm32f4xx_hal.o
                0x0000000008001540                HAL_GetTick
 .text.__NVIC_SetPriorityGrouping
                0x0000000008001558       0x48 ./Drivers/STM32F4xx_HAL_Driver/Src/stm32f4xx_hal_cortex.o
 .text.__NVIC_GetPriorityGrouping
                0x00000000080015a0       0x1c ./Drivers/STM32F4xx_HAL_Driver/Src/stm32f4xx_hal_cortex.o
 .text.__NVIC_EnableIRQ
                0x00000000080015bc       0x3c ./Drivers/STM32F4xx_HAL_Driver/Src/stm32f4xx_hal_cortex.o
 .text.__NVIC_SetPriority
                0x00000000080015f8       0x54 ./Drivers/STM32F4xx_HAL_Driver/Src/stm32f4xx_hal_cortex.o
 .text.NVIC_EncodePriority
                0x000000000800164c       0x66 ./Drivers/STM32F4xx_HAL_Driver/Src/stm32f4xx_hal_cortex.o
 *fill*         0x00000000080016b2        0x2 
 .text.SysTick_Config
                0x00000000080016b4       0x44 ./Drivers/STM32F4xx_HAL_Driver/Src/stm32f4xx_hal_cortex.o
 .text.HAL_NVIC_SetPriorityGrouping
                0x00000000080016f8       0x16 ./Drivers/STM32F4xx_HAL_Driver/Src/stm32f4xx_hal_cortex.o
                0x00000000080016f8                HAL_NVIC_SetPriorityGrouping
 .text.HAL_NVIC_SetPriority
                0x000000000800170e       0x38 ./Drivers/STM32F4xx_HAL_Driver/Src/stm32f4xx_hal_cortex.o
                0x000000000800170e                HAL_NVIC_SetPriority
 .text.HAL_NVIC_EnableIRQ
                0x0000000008001746       0x1c ./Drivers/STM32F4xx_HAL_Driver/Src/stm32f4xx_hal_cortex.o
                0x0000000008001746                HAL_NVIC_EnableIRQ
 .text.HAL_SYSTICK_Config
                0x0000000008001762       0x18 ./Drivers/STM32F4xx_HAL_Driver/Src/stm32f4xx_hal_cortex.o
                0x0000000008001762                HAL_SYSTICK_Config
 *fill*         0x000000000800177a        0x2 
 .text.HAL_GPIO_Init
                0x000000000800177c      0x338 ./Drivers/STM32F4xx_HAL_Driver/Src/stm32f4xx_hal_gpio.o
                0x000000000800177c                HAL_GPIO_Init
 .text.HAL_GPIO_WritePin
                0x0000000008001ab4       0x32 ./Drivers/STM32F4xx_HAL_Driver/Src/stm32f4xx_hal_gpio.o
                0x0000000008001ab4                HAL_GPIO_WritePin
 *fill*         0x0000000008001ae6        0x2 
 .text.HAL_GPIO_EXTI_IRQHandler
                0x0000000008001ae8       0x30 ./Drivers/STM32F4xx_HAL_Driver/Src/stm32f4xx_hal_gpio.o
                0x0000000008001ae8                HAL_GPIO_EXTI_IRQHandler
 .text.HAL_GPIO_EXTI_Callback
                0x0000000008001b18       0x16 ./Drivers/STM32F4xx_HAL_Driver/Src/stm32f4xx_hal_gpio.o
                0x0000000008001b18                HAL_GPIO_EXTI_Callback
 *fill*         0x0000000008001b2e        0x2 
 .text.HAL_RCC_OscConfig
                0x0000000008001b30      0x4f0 ./Drivers/STM32F4xx_HAL_Driver/Src/stm32f4xx_hal_rcc.o
                0x0000000008001b30                HAL_RCC_OscConfig
 .text.HAL_RCC_ClockConfig
                0x0000000008002020      0x1cc ./Drivers/STM32F4xx_HAL_Driver/Src/stm32f4xx_hal_rcc.o
                0x0000000008002020                HAL_RCC_ClockConfig
 .text.HAL_RCC_GetSysClockFreq
                0x00000000080021ec      0x20c ./Drivers/STM32F4xx_HAL_Driver/Src/stm32f4xx_hal_rcc.o
                0x00000000080021ec                HAL_RCC_GetSysClockFreq
 .text.HAL_SRAM_Init
                0x00000000080023f8       0x90 ./Drivers/STM32F4xx_HAL_Driver/Src/stm32f4xx_hal_sram.o
                0x00000000080023f8                HAL_SRAM_Init
 .text.HAL_TIM_Base_Init
                0x0000000008002488       0x9e ./Drivers/STM32F4xx_HAL_Driver/Src/stm32f4xx_hal_tim.o
                0x0000000008002488                HAL_TIM_Base_Init
 .text.HAL_TIM_PWM_Init
                0x0000000008002526       0x9e ./Drivers/STM32F4xx_HAL_Driver/Src/stm32f4xx_hal_tim.o
                0x0000000008002526                HAL_TIM_PWM_Init
 .text.HAL_TIM_PWM_MspInit
                0x00000000080025c4       0x14 ./Drivers/STM32F4xx_HAL_Driver/Src/stm32f4xx_hal_tim.o
                0x00000000080025c4                HAL_TIM_PWM_MspInit
 .text.HAL_TIM_PWM_ConfigChannel
                0x00000000080025d8      0x184 ./Drivers/STM32F4xx_HAL_Driver/Src/stm32f4xx_hal_tim.o
                0x00000000080025d8                HAL_TIM_PWM_ConfigChannel
 .text.HAL_TIM_ConfigClockSource
                0x000000000800275c      0x18e ./Drivers/STM32F4xx_HAL_Driver/Src/stm32f4xx_hal_tim.o
                0x000000000800275c                HAL_TIM_ConfigClockSource
 *fill*         0x00000000080028ea        0x2 
 .text.TIM_Base_SetConfig
                0x00000000080028ec      0x140 ./Drivers/STM32F4xx_HAL_Driver/Src/stm32f4xx_hal_tim.o
                0x00000000080028ec                TIM_Base_SetConfig
 .text.TIM_OC1_SetConfig
                0x0000000008002a2c       0xe0 ./Drivers/STM32F4xx_HAL_Driver/Src/stm32f4xx_hal_tim.o
 .text.TIM_OC2_SetConfig
                0x0000000008002b0c       0xec ./Drivers/STM32F4xx_HAL_Driver/Src/stm32f4xx_hal_tim.o
                0x0000000008002b0c                TIM_OC2_SetConfig
 .text.TIM_OC3_SetConfig
                0x0000000008002bf8       0xe8 ./Drivers/STM32F4xx_HAL_Driver/Src/stm32f4xx_hal_tim.o
 .text.TIM_OC4_SetConfig
                0x0000000008002ce0       0xac ./Drivers/STM32F4xx_HAL_Driver/Src/stm32f4xx_hal_tim.o
 .text.TIM_TI1_ConfigInputStage
                0x0000000008002d8c       0x5e ./Drivers/STM32F4xx_HAL_Driver/Src/stm32f4xx_hal_tim.o
 .text.TIM_TI2_ConfigInputStage
                0x0000000008002dea       0x60 ./Drivers/STM32F4xx_HAL_Driver/Src/stm32f4xx_hal_tim.o
 .text.TIM_ITRx_SetConfig
                0x0000000008002e4a       0x36 ./Drivers/STM32F4xx_HAL_Driver/Src/stm32f4xx_hal_tim.o
 .text.TIM_ETR_SetConfig
                0x0000000008002e80       0x40 ./Drivers/STM32F4xx_HAL_Driver/Src/stm32f4xx_hal_tim.o
                0x0000000008002e80                TIM_ETR_SetConfig
 .text.HAL_TIMEx_MasterConfigSynchronization
                0x0000000008002ec0       0xf8 ./Drivers/STM32F4xx_HAL_Driver/Src/stm32f4xx_hal_tim_ex.o
                0x0000000008002ec0                HAL_TIMEx_MasterConfigSynchronization
 .text.FSMC_NORSRAM_Init
                0x0000000008002fb8       0xd4 ./Drivers/STM32F4xx_HAL_Driver/Src/stm32f4xx_ll_fsmc.o
                0x0000000008002fb8                FSMC_NORSRAM_Init
 .text.FSMC_NORSRAM_Timing_Init
                0x000000000800308c       0x6a ./Drivers/STM32F4xx_HAL_Driver/Src/stm32f4xx_ll_fsmc.o
                0x000000000800308c                FSMC_NORSRAM_Timing_Init
 *fill*         0x00000000080030f6        0x2 
 .text.FSMC_NORSRAM_Extended_Timing_Init
                0x00000000080030f8       0x70 ./Drivers/STM32F4xx_HAL_Driver/Src/stm32f4xx_ll_fsmc.o
                0x00000000080030f8                FSMC_NORSRAM_Extended_Timing_Init
 .text.arm_sin_f32
                0x0000000008003168       0x9c D:\allProject\stm32_Project\AD7606_Demo/Drivers/DSP\libarm_cortexM4lf_math.a(arm_sin_f32.o)
                0x0000000008003168                arm_sin_f32
 .text.__libc_init_array
                0x0000000008003204       0x48 e:/tool/cubeide/stm32cubeide/plugins/com.st.stm32cube.ide.mcu.externaltools.gnu-tools-for-stm32.10.3-2021.10.win32_1.0.0.202111181127/tools/bin/../lib/gcc/arm-none-eabi/10.3.1/../../../../arm-none-eabi/lib/thumb/v7e-m+fp/hard\libc_nano.a(lib_a-init.o)
                0x0000000008003204                __libc_init_array
 .text.memset   0x000000000800324c       0x10 e:/tool/cubeide/stm32cubeide/plugins/com.st.stm32cube.ide.mcu.externaltools.gnu-tools-for-stm32.10.3-2021.10.win32_1.0.0.202111181127/tools/bin/../lib/gcc/arm-none-eabi/10.3.1/../../../../arm-none-eabi/lib/thumb/v7e-m+fp/hard\libc_nano.a(lib_a-memset.o)
                0x000000000800324c                memset
 *(.glue_7)
 .glue_7        0x000000000800325c        0x0 linker stubs
 *(.glue_7t)
 .glue_7t       0x000000000800325c        0x0 linker stubs
 *(.eh_frame)
 .eh_frame      0x000000000800325c        0x0 e:/tool/cubeide/stm32cubeide/plugins/com.st.stm32cube.ide.mcu.externaltools.gnu-tools-for-stm32.10.3-2021.10.win32_1.0.0.202111181127/tools/bin/../lib/gcc/arm-none-eabi/10.3.1/thumb/v7e-m+fp/hard/crtbegin.o
 *(.init)
 .init          0x000000000800325c        0x4 e:/tool/cubeide/stm32cubeide/plugins/com.st.stm32cube.ide.mcu.externaltools.gnu-tools-for-stm32.10.3-2021.10.win32_1.0.0.202111181127/tools/bin/../lib/gcc/arm-none-eabi/10.3.1/thumb/v7e-m+fp/hard/crti.o
                0x000000000800325c                _init
 .init          0x0000000008003260        0x8 e:/tool/cubeide/stm32cubeide/plugins/com.st.stm32cube.ide.mcu.externaltools.gnu-tools-for-stm32.10.3-2021.10.win32_1.0.0.202111181127/tools/bin/../lib/gcc/arm-none-eabi/10.3.1/thumb/v7e-m+fp/hard/crtn.o
 *(.fini)
 .fini          0x0000000008003268        0x4 e:/tool/cubeide/stm32cubeide/plugins/com.st.stm32cube.ide.mcu.externaltools.gnu-tools-for-stm32.10.3-2021.10.win32_1.0.0.202111181127/tools/bin/../lib/gcc/arm-none-eabi/10.3.1/thumb/v7e-m+fp/hard/crti.o
                0x0000000008003268                _fini
 .fini          0x000000000800326c        0x8 e:/tool/cubeide/stm32cubeide/plugins/com.st.stm32cube.ide.mcu.externaltools.gnu-tools-for-stm32.10.3-2021.10.win32_1.0.0.202111181127/tools/bin/../lib/gcc/arm-none-eabi/10.3.1/thumb/v7e-m+fp/hard/crtn.o
                0x0000000008003274                . = ALIGN (0x4)
                0x0000000008003274                _etext = .

.vfp11_veneer   0x0000000008003274        0x0
 .vfp11_veneer  0x0000000008003274        0x0 linker stubs

.v4_bx          0x0000000008003274        0x0
 .v4_bx         0x0000000008003274        0x0 linker stubs

.iplt           0x0000000008003274        0x0
 .iplt          0x0000000008003274        0x0 e:/tool/cubeide/stm32cubeide/plugins/com.st.stm32cube.ide.mcu.externaltools.gnu-tools-for-stm32.10.3-2021.10.win32_1.0.0.202111181127/tools/bin/../lib/gcc/arm-none-eabi/10.3.1/thumb/v7e-m+fp/hard/crtbegin.o

.rodata         0x0000000008003274      0x814
                0x0000000008003274                . = ALIGN (0x4)
 *(.rodata)
 *(.rodata*)
 .rodata.AHBPrescTable
                0x0000000008003274       0x10 ./Core/Src/system_stm32f4xx.o
                0x0000000008003274                AHBPrescTable
 .rodata.sinTable_f32
                0x0000000008003284      0x804 D:\allProject\stm32_Project\AD7606_Demo/Drivers/DSP\libarm_cortexM4lf_math.a(arm_common_tables.o)
                0x0000000008003284                sinTable_f32
                0x0000000008003a88                . = ALIGN (0x4)

.ARM.extab      0x0000000008003a88        0x0
                0x0000000008003a88                . = ALIGN (0x4)
 *(.ARM.extab* .gnu.linkonce.armextab.*)
                0x0000000008003a88                . = ALIGN (0x4)

.ARM            0x0000000008003a88        0x8
                0x0000000008003a88                . = ALIGN (0x4)
                0x0000000008003a88                __exidx_start = .
 *(.ARM.exidx*)
 .ARM.exidx     0x0000000008003a88        0x8 e:/tool/cubeide/stm32cubeide/plugins/com.st.stm32cube.ide.mcu.externaltools.gnu-tools-for-stm32.10.3-2021.10.win32_1.0.0.202111181127/tools/bin/../lib/gcc/arm-none-eabi/10.3.1/thumb/v7e-m+fp/hard\libgcc.a(_udivmoddi4.o)
                0x0000000008003a90                __exidx_end = .
                0x0000000008003a90                . = ALIGN (0x4)

.rel.dyn        0x0000000008003a90        0x0
 .rel.iplt      0x0000000008003a90        0x0 e:/tool/cubeide/stm32cubeide/plugins/com.st.stm32cube.ide.mcu.externaltools.gnu-tools-for-stm32.10.3-2021.10.win32_1.0.0.202111181127/tools/bin/../lib/gcc/arm-none-eabi/10.3.1/thumb/v7e-m+fp/hard/crtbegin.o

.preinit_array  0x0000000008003a90        0x0
                0x0000000008003a90                . = ALIGN (0x4)
                0x0000000008003a90                PROVIDE (__preinit_array_start = .)
 *(.preinit_array*)
                0x0000000008003a90                PROVIDE (__preinit_array_end = .)
                0x0000000008003a90                . = ALIGN (0x4)

.init_array     0x0000000008003a90        0x4
                0x0000000008003a90                . = ALIGN (0x4)
                0x0000000008003a90                PROVIDE (__init_array_start = .)
 *(SORT_BY_NAME(.init_array.*))
 *(.init_array*)
 .init_array    0x0000000008003a90        0x4 e:/tool/cubeide/stm32cubeide/plugins/com.st.stm32cube.ide.mcu.externaltools.gnu-tools-for-stm32.10.3-2021.10.win32_1.0.0.202111181127/tools/bin/../lib/gcc/arm-none-eabi/10.3.1/thumb/v7e-m+fp/hard/crtbegin.o
                0x0000000008003a94                PROVIDE (__init_array_end = .)
                0x0000000008003a94                . = ALIGN (0x4)

.fini_array     0x0000000008003a94        0x4
                0x0000000008003a94                . = ALIGN (0x4)
                [!provide]                        PROVIDE (__fini_array_start = .)
 *(SORT_BY_NAME(.fini_array.*))
 *(.fini_array*)
 .fini_array    0x0000000008003a94        0x4 e:/tool/cubeide/stm32cubeide/plugins/com.st.stm32cube.ide.mcu.externaltools.gnu-tools-for-stm32.10.3-2021.10.win32_1.0.0.202111181127/tools/bin/../lib/gcc/arm-none-eabi/10.3.1/thumb/v7e-m+fp/hard/crtbegin.o
                [!provide]                        PROVIDE (__fini_array_end = .)
                0x0000000008003a98                . = ALIGN (0x4)
                0x0000000008003a98                _sidata = LOADADDR (.data)

.data           0x0000000020000000       0x10 load address 0x0000000008003a98
                0x0000000020000000                . = ALIGN (0x4)
                0x0000000020000000                _sdata = .
 *(.data)
 *(.data*)
 .data.cnt      0x0000000020000000        0x2 ./Core/Src/main.o
                0x0000000020000000                cnt
 *fill*         0x0000000020000002        0x2 
 .data.SystemCoreClock
                0x0000000020000004        0x4 ./Core/Src/system_stm32f4xx.o
                0x0000000020000004                SystemCoreClock
 .data.uwTickPrio
                0x0000000020000008        0x4 ./Drivers/STM32F4xx_HAL_Driver/Src/stm32f4xx_hal.o
                0x0000000020000008                uwTickPrio
 .data.uwTickFreq
                0x000000002000000c        0x1 ./Drivers/STM32F4xx_HAL_Driver/Src/stm32f4xx_hal.o
                0x000000002000000c                uwTickFreq
 *(.RamFunc)
 *(.RamFunc*)
                0x0000000020000010                . = ALIGN (0x4)
 *fill*         0x000000002000000d        0x3 
                0x0000000020000010                _edata = .
                0x0000000008003aa8                _siccmram = LOADADDR (.ccmram)

.igot.plt       0x0000000020000010        0x0 load address 0x0000000008003aa8
 .igot.plt      0x0000000020000010        0x0 e:/tool/cubeide/stm32cubeide/plugins/com.st.stm32cube.ide.mcu.externaltools.gnu-tools-for-stm32.10.3-2021.10.win32_1.0.0.202111181127/tools/bin/../lib/gcc/arm-none-eabi/10.3.1/thumb/v7e-m+fp/hard/crtbegin.o

.ccmram         0x0000000010000000        0x0 load address 0x0000000008003aa8
                0x0000000010000000                . = ALIGN (0x4)
                0x0000000010000000                _sccmram = .
 *(.ccmram)
 *(.ccmram*)
                0x0000000010000000                . = ALIGN (0x4)
                0x0000000010000000                _eccmram = .
                0x0000000010000000                . = ALIGN (0x4)

.bss            0x0000000020000010       0xc0
                0x0000000020000010                _sbss = .
                0x0000000020000010                __bss_start__ = _sbss
 *(.bss)
 .bss           0x0000000020000010       0x1c e:/tool/cubeide/stm32cubeide/plugins/com.st.stm32cube.ide.mcu.externaltools.gnu-tools-for-stm32.10.3-2021.10.win32_1.0.0.202111181127/tools/bin/../lib/gcc/arm-none-eabi/10.3.1/thumb/v7e-m+fp/hard/crtbegin.o
 *(.bss*)
 .bss.hsram4    0x000000002000002c       0x50 ./Core/Src/fsmc.o
                0x000000002000002c                hsram4
 .bss.FSMC_Initialized
                0x000000002000007c        0x4 ./Core/Src/fsmc.o
 .bss.SINvalue  0x0000000020000080        0x4 ./Core/Src/main.o
                0x0000000020000080                SINvalue
 .bss.htim3     0x0000000020000084       0x48 ./Core/Src/tim.o
                0x0000000020000084                htim3
 .bss.uwTick    0x00000000200000cc        0x4 ./Drivers/STM32F4xx_HAL_Driver/Src/stm32f4xx_hal.o
                0x00000000200000cc                uwTick
 *(COMMON)
                0x00000000200000d0                . = ALIGN (0x4)
                0x00000000200000d0                _ebss = .
                0x00000000200000d0                __bss_end__ = _ebss

._user_heap_stack
                0x00000000200000d0      0x600
                0x00000000200000d0                . = ALIGN (0x8)
                [!provide]                        PROVIDE (end = .)
                0x00000000200000d0                PROVIDE (_end = .)
                0x00000000200002d0                . = (. + _Min_Heap_Size)
 *fill*         0x00000000200000d0      0x200 
                0x00000000200006d0                . = (. + _Min_Stack_Size)
 *fill*         0x00000000200002d0      0x400 
                0x00000000200006d0                . = ALIGN (0x8)

/DISCARD/
 libc.a(*)
 libm.a(*)
 libgcc.a(*)

.ARM.attributes
                0x0000000000000000       0x30
 *(.ARM.attributes)
 .ARM.attributes
                0x0000000000000000       0x1e e:/tool/cubeide/stm32cubeide/plugins/com.st.stm32cube.ide.mcu.externaltools.gnu-tools-for-stm32.10.3-2021.10.win32_1.0.0.202111181127/tools/bin/../lib/gcc/arm-none-eabi/10.3.1/thumb/v7e-m+fp/hard/crti.o
 .ARM.attributes
                0x000000000000001e       0x34 e:/tool/cubeide/stm32cubeide/plugins/com.st.stm32cube.ide.mcu.externaltools.gnu-tools-for-stm32.10.3-2021.10.win32_1.0.0.202111181127/tools/bin/../lib/gcc/arm-none-eabi/10.3.1/thumb/v7e-m+fp/hard/crtbegin.o
 .ARM.attributes
                0x0000000000000052       0x34 ./Core/Src/fsmc.o
 .ARM.attributes
                0x0000000000000086       0x34 ./Core/Src/gpio.o
 .ARM.attributes
                0x00000000000000ba       0x34 ./Core/Src/main.o
 .ARM.attributes
                0x00000000000000ee       0x34 ./Core/Src/stm32f4xx_hal_msp.o
 .ARM.attributes
                0x0000000000000122       0x34 ./Core/Src/stm32f4xx_it.o
 .ARM.attributes
                0x0000000000000156       0x34 ./Core/Src/system_stm32f4xx.o
 .ARM.attributes
                0x000000000000018a       0x34 ./Core/Src/tim.o
 .ARM.attributes
                0x00000000000001be       0x21 ./Core/Startup/startup_stm32f407zgtx.o
 .ARM.attributes
                0x00000000000001df       0x34 ./Drivers/STM32F4xx_HAL_Driver/Src/stm32f4xx_hal.o
 .ARM.attributes
                0x0000000000000213       0x34 ./Drivers/STM32F4xx_HAL_Driver/Src/stm32f4xx_hal_cortex.o
 .ARM.attributes
                0x0000000000000247       0x34 ./Drivers/STM32F4xx_HAL_Driver/Src/stm32f4xx_hal_gpio.o
 .ARM.attributes
                0x000000000000027b       0x34 ./Drivers/STM32F4xx_HAL_Driver/Src/stm32f4xx_hal_rcc.o
 .ARM.attributes
                0x00000000000002af       0x34 ./Drivers/STM32F4xx_HAL_Driver/Src/stm32f4xx_hal_sram.o
 .ARM.attributes
                0x00000000000002e3       0x34 ./Drivers/STM32F4xx_HAL_Driver/Src/stm32f4xx_hal_tim.o
 .ARM.attributes
                0x0000000000000317       0x34 ./Drivers/STM32F4xx_HAL_Driver/Src/stm32f4xx_hal_tim_ex.o
 .ARM.attributes
                0x000000000000034b       0x34 ./Drivers/STM32F4xx_HAL_Driver/Src/stm32f4xx_ll_fsmc.o
 .ARM.attributes
                0x000000000000037f       0x39 D:\allProject\stm32_Project\AD7606_Demo/Drivers/DSP\libarm_cortexM4lf_math.a(arm_sin_f32.o)
 .ARM.attributes
                0x00000000000003b8       0x39 D:\allProject\stm32_Project\AD7606_Demo/Drivers/DSP\libarm_cortexM4lf_math.a(arm_common_tables.o)
 .ARM.attributes
                0x00000000000003f1       0x34 e:/tool/cubeide/stm32cubeide/plugins/com.st.stm32cube.ide.mcu.externaltools.gnu-tools-for-stm32.10.3-2021.10.win32_1.0.0.202111181127/tools/bin/../lib/gcc/arm-none-eabi/10.3.1/../../../../arm-none-eabi/lib/thumb/v7e-m+fp/hard\libc_nano.a(lib_a-init.o)
 .ARM.attributes
                0x0000000000000425       0x34 e:/tool/cubeide/stm32cubeide/plugins/com.st.stm32cube.ide.mcu.externaltools.gnu-tools-for-stm32.10.3-2021.10.win32_1.0.0.202111181127/tools/bin/../lib/gcc/arm-none-eabi/10.3.1/../../../../arm-none-eabi/lib/thumb/v7e-m+fp/hard\libc_nano.a(lib_a-memset.o)
 .ARM.attributes
                0x0000000000000459       0x1e e:/tool/cubeide/stm32cubeide/plugins/com.st.stm32cube.ide.mcu.externaltools.gnu-tools-for-stm32.10.3-2021.10.win32_1.0.0.202111181127/tools/bin/../lib/gcc/arm-none-eabi/10.3.1/thumb/v7e-m+fp/hard\libgcc.a(_arm_addsubdf3.o)
 .ARM.attributes
                0x0000000000000477       0x1e e:/tool/cubeide/stm32cubeide/plugins/com.st.stm32cube.ide.mcu.externaltools.gnu-tools-for-stm32.10.3-2021.10.win32_1.0.0.202111181127/tools/bin/../lib/gcc/arm-none-eabi/10.3.1/thumb/v7e-m+fp/hard\libgcc.a(_arm_muldivdf3.o)
 .ARM.attributes
                0x0000000000000495       0x1e e:/tool/cubeide/stm32cubeide/plugins/com.st.stm32cube.ide.mcu.externaltools.gnu-tools-for-stm32.10.3-2021.10.win32_1.0.0.202111181127/tools/bin/../lib/gcc/arm-none-eabi/10.3.1/thumb/v7e-m+fp/hard\libgcc.a(_arm_truncdfsf2.o)
 .ARM.attributes
                0x00000000000004b3       0x1e e:/tool/cubeide/stm32cubeide/plugins/com.st.stm32cube.ide.mcu.externaltools.gnu-tools-for-stm32.10.3-2021.10.win32_1.0.0.202111181127/tools/bin/../lib/gcc/arm-none-eabi/10.3.1/thumb/v7e-m+fp/hard\libgcc.a(_aeabi_uldivmod.o)
 .ARM.attributes
                0x00000000000004d1       0x34 e:/tool/cubeide/stm32cubeide/plugins/com.st.stm32cube.ide.mcu.externaltools.gnu-tools-for-stm32.10.3-2021.10.win32_1.0.0.202111181127/tools/bin/../lib/gcc/arm-none-eabi/10.3.1/thumb/v7e-m+fp/hard\libgcc.a(_udivmoddi4.o)
 .ARM.attributes
                0x0000000000000505       0x1e e:/tool/cubeide/stm32cubeide/plugins/com.st.stm32cube.ide.mcu.externaltools.gnu-tools-for-stm32.10.3-2021.10.win32_1.0.0.202111181127/tools/bin/../lib/gcc/arm-none-eabi/10.3.1/thumb/v7e-m+fp/hard\libgcc.a(_dvmd_tls.o)
 .ARM.attributes
                0x0000000000000523       0x1e e:/tool/cubeide/stm32cubeide/plugins/com.st.stm32cube.ide.mcu.externaltools.gnu-tools-for-stm32.10.3-2021.10.win32_1.0.0.202111181127/tools/bin/../lib/gcc/arm-none-eabi/10.3.1/thumb/v7e-m+fp/hard/crtn.o
OUTPUT(AD7606_Demo.elf elf32-littlearm)
LOAD linker stubs
LOAD e:/tool/cubeide/stm32cubeide/plugins/com.st.stm32cube.ide.mcu.externaltools.gnu-tools-for-stm32.10.3-2021.10.win32_1.0.0.202111181127/tools/bin/../lib/gcc/arm-none-eabi/10.3.1/../../../../arm-none-eabi/lib/thumb/v7e-m+fp/hard\libc.a
LOAD e:/tool/cubeide/stm32cubeide/plugins/com.st.stm32cube.ide.mcu.externaltools.gnu-tools-for-stm32.10.3-2021.10.win32_1.0.0.202111181127/tools/bin/../lib/gcc/arm-none-eabi/10.3.1/../../../../arm-none-eabi/lib/thumb/v7e-m+fp/hard\libm.a
LOAD e:/tool/cubeide/stm32cubeide/plugins/com.st.stm32cube.ide.mcu.externaltools.gnu-tools-for-stm32.10.3-2021.10.win32_1.0.0.202111181127/tools/bin/../lib/gcc/arm-none-eabi/10.3.1/thumb/v7e-m+fp/hard\libgcc.a

.debug_info     0x0000000000000000     0xb9be
 .debug_info    0x0000000000000000      0xa2b ./Core/Src/fsmc.o
 .debug_info    0x0000000000000a2b      0x729 ./Core/Src/gpio.o
 .debug_info    0x0000000000001154      0x5b9 ./Core/Src/main.o
 .debug_info    0x000000000000170d      0x2a8 ./Core/Src/stm32f4xx_hal_msp.o
 .debug_info    0x00000000000019b5      0x15d ./Core/Src/stm32f4xx_it.o
 .debug_info    0x0000000000001b12      0x523 ./Core/Src/system_stm32f4xx.o
 .debug_info    0x0000000000002035      0xc47 ./Core/Src/tim.o
 .debug_info    0x0000000000002c7c       0x22 ./Core/Startup/startup_stm32f407zgtx.o
 .debug_info    0x0000000000002c9e      0x97c ./Drivers/STM32F4xx_HAL_Driver/Src/stm32f4xx_hal.o
 .debug_info    0x000000000000361a      0xe1b ./Drivers/STM32F4xx_HAL_Driver/Src/stm32f4xx_hal_cortex.o
 .debug_info    0x0000000000004435      0x76a ./Drivers/STM32F4xx_HAL_Driver/Src/stm32f4xx_hal_gpio.o
 .debug_info    0x0000000000004b9f      0x966 ./Drivers/STM32F4xx_HAL_Driver/Src/stm32f4xx_hal_rcc.o
 .debug_info    0x0000000000005505      0xdc4 ./Drivers/STM32F4xx_HAL_Driver/Src/stm32f4xx_hal_sram.o
 .debug_info    0x00000000000062c9     0x2bbe ./Drivers/STM32F4xx_HAL_Driver/Src/stm32f4xx_hal_tim.o
 .debug_info    0x0000000000008e87     0x15e0 ./Drivers/STM32F4xx_HAL_Driver/Src/stm32f4xx_hal_tim_ex.o
 .debug_info    0x000000000000a467      0xa23 ./Drivers/STM32F4xx_HAL_Driver/Src/stm32f4xx_ll_fsmc.o
 .debug_info    0x000000000000ae8a      0x183 D:\allProject\stm32_Project\AD7606_Demo/Drivers/DSP\libarm_cortexM4lf_math.a(arm_sin_f32.o)
 .debug_info    0x000000000000b00d      0x9b1 D:\allProject\stm32_Project\AD7606_Demo/Drivers/DSP\libarm_cortexM4lf_math.a(arm_common_tables.o)

.debug_abbrev   0x0000000000000000     0x1d34
 .debug_abbrev  0x0000000000000000      0x207 ./Core/Src/fsmc.o
 .debug_abbrev  0x0000000000000207      0x164 ./Core/Src/gpio.o
 .debug_abbrev  0x000000000000036b      0x1f2 ./Core/Src/main.o
 .debug_abbrev  0x000000000000055d       0xd4 ./Core/Src/stm32f4xx_hal_msp.o
 .debug_abbrev  0x0000000000000631       0x9f ./Core/Src/stm32f4xx_it.o
 .debug_abbrev  0x00000000000006d0      0x116 ./Core/Src/system_stm32f4xx.o
 .debug_abbrev  0x00000000000007e6      0x204 ./Core/Src/tim.o
 .debug_abbrev  0x00000000000009ea       0x12 ./Core/Startup/startup_stm32f407zgtx.o
 .debug_abbrev  0x00000000000009fc      0x20d ./Drivers/STM32F4xx_HAL_Driver/Src/stm32f4xx_hal.o
 .debug_abbrev  0x0000000000000c09      0x316 ./Drivers/STM32F4xx_HAL_Driver/Src/stm32f4xx_hal_cortex.o
 .debug_abbrev  0x0000000000000f1f      0x1c4 ./Drivers/STM32F4xx_HAL_Driver/Src/stm32f4xx_hal_gpio.o
 .debug_abbrev  0x00000000000010e3      0x2aa ./Drivers/STM32F4xx_HAL_Driver/Src/stm32f4xx_hal_rcc.o
 .debug_abbrev  0x000000000000138d      0x1f8 ./Drivers/STM32F4xx_HAL_Driver/Src/stm32f4xx_hal_sram.o
 .debug_abbrev  0x0000000000001585      0x25d ./Drivers/STM32F4xx_HAL_Driver/Src/stm32f4xx_hal_tim.o
 .debug_abbrev  0x00000000000017e2      0x265 ./Drivers/STM32F4xx_HAL_Driver/Src/stm32f4xx_hal_tim_ex.o
 .debug_abbrev  0x0000000000001a47      0x196 ./Drivers/STM32F4xx_HAL_Driver/Src/stm32f4xx_ll_fsmc.o
 .debug_abbrev  0x0000000000001bdd       0xd3 D:\allProject\stm32_Project\AD7606_Demo/Drivers/DSP\libarm_cortexM4lf_math.a(arm_sin_f32.o)
 .debug_abbrev  0x0000000000001cb0       0x84 D:\allProject\stm32_Project\AD7606_Demo/Drivers/DSP\libarm_cortexM4lf_math.a(arm_common_tables.o)

.debug_aranges  0x0000000000000000      0xb58
 .debug_aranges
                0x0000000000000000       0x40 ./Core/Src/fsmc.o
 .debug_aranges
                0x0000000000000040       0x20 ./Core/Src/gpio.o
 .debug_aranges
                0x0000000000000060       0x30 ./Core/Src/main.o
 .debug_aranges
                0x0000000000000090       0x20 ./Core/Src/stm32f4xx_hal_msp.o
 .debug_aranges
                0x00000000000000b0       0x68 ./Core/Src/stm32f4xx_it.o
 .debug_aranges
                0x0000000000000118       0x28 ./Core/Src/system_stm32f4xx.o
 .debug_aranges
                0x0000000000000140       0x38 ./Core/Src/tim.o
 .debug_aranges
                0x0000000000000178       0x28 ./Core/Startup/startup_stm32f407zgtx.o
 .debug_aranges
                0x00000000000001a0       0xf0 ./Drivers/STM32F4xx_HAL_Driver/Src/stm32f4xx_hal.o
 .debug_aranges
                0x0000000000000290      0x118 ./Drivers/STM32F4xx_HAL_Driver/Src/stm32f4xx_hal_cortex.o
 .debug_aranges
                0x00000000000003a8       0x58 ./Drivers/STM32F4xx_HAL_Driver/Src/stm32f4xx_hal_gpio.o
 .debug_aranges
                0x0000000000000400       0x88 ./Drivers/STM32F4xx_HAL_Driver/Src/stm32f4xx_hal_rcc.o
 .debug_aranges
                0x0000000000000488       0xb8 ./Drivers/STM32F4xx_HAL_Driver/Src/stm32f4xx_hal_sram.o
 .debug_aranges
                0x0000000000000540      0x3d0 ./Drivers/STM32F4xx_HAL_Driver/Src/stm32f4xx_hal_tim.o
 .debug_aranges
                0x0000000000000910      0x168 ./Drivers/STM32F4xx_HAL_Driver/Src/stm32f4xx_hal_tim_ex.o
 .debug_aranges
                0x0000000000000a78       0xa8 ./Drivers/STM32F4xx_HAL_Driver/Src/stm32f4xx_ll_fsmc.o
 .debug_aranges
                0x0000000000000b20       0x20 D:\allProject\stm32_Project\AD7606_Demo/Drivers/DSP\libarm_cortexM4lf_math.a(arm_sin_f32.o)
 .debug_aranges
                0x0000000000000b40       0x18 D:\allProject\stm32_Project\AD7606_Demo/Drivers/DSP\libarm_cortexM4lf_math.a(arm_common_tables.o)

.debug_ranges   0x0000000000000000      0xa38
 .debug_ranges  0x0000000000000000       0x30 ./Core/Src/fsmc.o
 .debug_ranges  0x0000000000000030       0x10 ./Core/Src/gpio.o
 .debug_ranges  0x0000000000000040       0x20 ./Core/Src/main.o
 .debug_ranges  0x0000000000000060       0x10 ./Core/Src/stm32f4xx_hal_msp.o
 .debug_ranges  0x0000000000000070       0x58 ./Core/Src/stm32f4xx_it.o
 .debug_ranges  0x00000000000000c8       0x18 ./Core/Src/system_stm32f4xx.o
 .debug_ranges  0x00000000000000e0       0x28 ./Core/Src/tim.o
 .debug_ranges  0x0000000000000108       0x20 ./Core/Startup/startup_stm32f407zgtx.o
 .debug_ranges  0x0000000000000128       0xe0 ./Drivers/STM32F4xx_HAL_Driver/Src/stm32f4xx_hal.o
 .debug_ranges  0x0000000000000208      0x108 ./Drivers/STM32F4xx_HAL_Driver/Src/stm32f4xx_hal_cortex.o
 .debug_ranges  0x0000000000000310       0x48 ./Drivers/STM32F4xx_HAL_Driver/Src/stm32f4xx_hal_gpio.o
 .debug_ranges  0x0000000000000358       0x78 ./Drivers/STM32F4xx_HAL_Driver/Src/stm32f4xx_hal_rcc.o
 .debug_ranges  0x00000000000003d0       0xa8 ./Drivers/STM32F4xx_HAL_Driver/Src/stm32f4xx_hal_sram.o
 .debug_ranges  0x0000000000000478      0x3c0 ./Drivers/STM32F4xx_HAL_Driver/Src/stm32f4xx_hal_tim.o
 .debug_ranges  0x0000000000000838      0x158 ./Drivers/STM32F4xx_HAL_Driver/Src/stm32f4xx_hal_tim_ex.o
 .debug_ranges  0x0000000000000990       0x98 ./Drivers/STM32F4xx_HAL_Driver/Src/stm32f4xx_ll_fsmc.o
 .debug_ranges  0x0000000000000a28       0x10 D:\allProject\stm32_Project\AD7606_Demo/Drivers/DSP\libarm_cortexM4lf_math.a(arm_sin_f32.o)

.debug_macro    0x0000000000000000    0x215fd
 .debug_macro   0x0000000000000000      0x1f8 ./Core/Src/fsmc.o
 .debug_macro   0x00000000000001f8      0xa8a ./Core/Src/fsmc.o
 .debug_macro   0x0000000000000c82      0x29b ./Core/Src/fsmc.o
 .debug_macro   0x0000000000000f1d       0x2e ./Core/Src/fsmc.o
 .debug_macro   0x0000000000000f4b       0x2f ./Core/Src/fsmc.o
 .debug_macro   0x0000000000000f7a       0x22 ./Core/Src/fsmc.o
 .debug_macro   0x0000000000000f9c       0x8e ./Core/Src/fsmc.o
 .debug_macro   0x000000000000102a       0x51 ./Core/Src/fsmc.o
 .debug_macro   0x000000000000107b      0x103 ./Core/Src/fsmc.o
 .debug_macro   0x000000000000117e       0x6a ./Core/Src/fsmc.o
 .debug_macro   0x00000000000011e8      0x1df ./Core/Src/fsmc.o
 .debug_macro   0x00000000000013c7       0x1c ./Core/Src/fsmc.o
 .debug_macro   0x00000000000013e3       0x22 ./Core/Src/fsmc.o
 .debug_macro   0x0000000000001405       0xd9 ./Core/Src/fsmc.o
 .debug_macro   0x00000000000014de     0x102d ./Core/Src/fsmc.o
 .debug_macro   0x000000000000250b      0x11f ./Core/Src/fsmc.o
 .debug_macro   0x000000000000262a    0x15e82 ./Core/Src/fsmc.o
 .debug_macro   0x00000000000184ac       0x6d ./Core/Src/fsmc.o
 .debug_macro   0x0000000000018519     0x367e ./Core/Src/fsmc.o
 .debug_macro   0x000000000001bb97      0x174 ./Core/Src/fsmc.o
 .debug_macro   0x000000000001bd0b       0x5c ./Core/Src/fsmc.o
 .debug_macro   0x000000000001bd67      0x96b ./Core/Src/fsmc.o
 .debug_macro   0x000000000001c6d2      0x9fe ./Core/Src/fsmc.o
 .debug_macro   0x000000000001d0d0      0x115 ./Core/Src/fsmc.o
 .debug_macro   0x000000000001d1e5      0x13e ./Core/Src/fsmc.o
 .debug_macro   0x000000000001d323       0xa5 ./Core/Src/fsmc.o
 .debug_macro   0x000000000001d3c8      0x174 ./Core/Src/fsmc.o
 .debug_macro   0x000000000001d53c      0x287 ./Core/Src/fsmc.o
 .debug_macro   0x000000000001d7c3       0x5f ./Core/Src/fsmc.o
 .debug_macro   0x000000000001d822      0x236 ./Core/Src/fsmc.o
 .debug_macro   0x000000000001da58      0x12c ./Core/Src/fsmc.o
 .debug_macro   0x000000000001db84      0x21e ./Core/Src/fsmc.o
 .debug_macro   0x000000000001dda2       0x2e ./Core/Src/fsmc.o
 .debug_macro   0x000000000001ddd0      0x516 ./Core/Src/fsmc.o
 .debug_macro   0x000000000001e2e6      0x11a ./Core/Src/fsmc.o
 .debug_macro   0x000000000001e400       0x7e ./Core/Src/fsmc.o
 .debug_macro   0x000000000001e47e       0x89 ./Core/Src/fsmc.o
 .debug_macro   0x000000000001e507      0x8e6 ./Core/Src/fsmc.o
 .debug_macro   0x000000000001eded       0x47 ./Core/Src/fsmc.o
 .debug_macro   0x000000000001ee34      0x12d ./Core/Src/fsmc.o
 .debug_macro   0x000000000001ef61       0x52 ./Core/Src/fsmc.o
 .debug_macro   0x000000000001efb3      0x1f8 ./Core/Src/gpio.o
 .debug_macro   0x000000000001f1ab      0x311 ./Core/Src/main.o
 .debug_macro   0x000000000001f4bc       0x12 ./Core/Src/main.o
 .debug_macro   0x000000000001f4ce       0x12 ./Core/Src/main.o
 .debug_macro   0x000000000001f4e0       0x52 ./Core/Src/main.o
 .debug_macro   0x000000000001f532       0x1e ./Core/Src/main.o
 .debug_macro   0x000000000001f550       0x3c ./Core/Src/main.o
 .debug_macro   0x000000000001f58c       0x34 ./Core/Src/main.o
 .debug_macro   0x000000000001f5c0       0x16 ./Core/Src/main.o
 .debug_macro   0x000000000001f5d6       0x43 ./Core/Src/main.o
 .debug_macro   0x000000000001f619       0x34 ./Core/Src/main.o
 .debug_macro   0x000000000001f64d       0x10 ./Core/Src/main.o
 .debug_macro   0x000000000001f65d       0x58 ./Core/Src/main.o
 .debug_macro   0x000000000001f6b5       0x71 ./Core/Src/main.o
 .debug_macro   0x000000000001f726       0x1c ./Core/Src/main.o
 .debug_macro   0x000000000001f742      0x12a ./Core/Src/main.o
 .debug_macro   0x000000000001f86c      0x341 ./Core/Src/main.o
 .debug_macro   0x000000000001fbad       0x10 ./Core/Src/main.o
 .debug_macro   0x000000000001fbbd       0x35 ./Core/Src/main.o
 .debug_macro   0x000000000001fbf2       0x20 ./Core/Src/main.o
 .debug_macro   0x000000000001fc12      0x19b ./Core/Src/main.o
 .debug_macro   0x000000000001fdad       0xd6 ./Core/Src/main.o
 .debug_macro   0x000000000001fe83      0x1ee ./Core/Src/stm32f4xx_hal_msp.o
 .debug_macro   0x0000000000020071      0x1f8 ./Core/Src/stm32f4xx_it.o
 .debug_macro   0x0000000000020269      0x1df ./Core/Src/system_stm32f4xx.o
 .debug_macro   0x0000000000020448      0x1f8 ./Core/Src/tim.o
 .debug_macro   0x0000000000020640      0x23f ./Drivers/STM32F4xx_HAL_Driver/Src/stm32f4xx_hal.o
 .debug_macro   0x000000000002087f      0x1df ./Drivers/STM32F4xx_HAL_Driver/Src/stm32f4xx_hal_cortex.o
 .debug_macro   0x0000000000020a5e      0x1e5 ./Drivers/STM32F4xx_HAL_Driver/Src/stm32f4xx_hal_gpio.o
 .debug_macro   0x0000000000020c43      0x203 ./Drivers/STM32F4xx_HAL_Driver/Src/stm32f4xx_hal_rcc.o
 .debug_macro   0x0000000000020e46      0x1df ./Drivers/STM32F4xx_HAL_Driver/Src/stm32f4xx_hal_sram.o
 .debug_macro   0x0000000000021025      0x1e0 ./Drivers/STM32F4xx_HAL_Driver/Src/stm32f4xx_hal_tim.o
 .debug_macro   0x0000000000021205      0x1df ./Drivers/STM32F4xx_HAL_Driver/Src/stm32f4xx_hal_tim_ex.o
 .debug_macro   0x00000000000213e4      0x219 ./Drivers/STM32F4xx_HAL_Driver/Src/stm32f4xx_ll_fsmc.o

.debug_line     0x0000000000000000     0xcbea
 .debug_line    0x0000000000000000      0x7bb ./Core/Src/fsmc.o
 .debug_line    0x00000000000007bb      0x6d7 ./Core/Src/gpio.o
 .debug_line    0x0000000000000e92      0x8f1 ./Core/Src/main.o
 .debug_line    0x0000000000001783      0x6aa ./Core/Src/stm32f4xx_hal_msp.o
 .debug_line    0x0000000000001e2d      0x785 ./Core/Src/stm32f4xx_it.o
 .debug_line    0x00000000000025b2      0x72c ./Core/Src/system_stm32f4xx.o
 .debug_line    0x0000000000002cde      0x766 ./Core/Src/tim.o
 .debug_line    0x0000000000003444       0x88 ./Core/Startup/startup_stm32f407zgtx.o
 .debug_line    0x00000000000034cc      0x992 ./Drivers/STM32F4xx_HAL_Driver/Src/stm32f4xx_hal.o
 .debug_line    0x0000000000003e5e      0xc41 ./Drivers/STM32F4xx_HAL_Driver/Src/stm32f4xx_hal_cortex.o
 .debug_line    0x0000000000004a9f      0xb06 ./Drivers/STM32F4xx_HAL_Driver/Src/stm32f4xx_hal_gpio.o
 .debug_line    0x00000000000055a5      0xd0e ./Drivers/STM32F4xx_HAL_Driver/Src/stm32f4xx_hal_rcc.o
 .debug_line    0x00000000000062b3      0xcbb ./Drivers/STM32F4xx_HAL_Driver/Src/stm32f4xx_hal_sram.o
 .debug_line    0x0000000000006f6e     0x3686 ./Drivers/STM32F4xx_HAL_Driver/Src/stm32f4xx_hal_tim.o
 .debug_line    0x000000000000a5f4     0x198f ./Drivers/STM32F4xx_HAL_Driver/Src/stm32f4xx_hal_tim_ex.o
 .debug_line    0x000000000000bf83      0x9b6 ./Drivers/STM32F4xx_HAL_Driver/Src/stm32f4xx_ll_fsmc.o
 .debug_line    0x000000000000c939      0x17c D:\allProject\stm32_Project\AD7606_Demo/Drivers/DSP\libarm_cortexM4lf_math.a(arm_sin_f32.o)
 .debug_line    0x000000000000cab5      0x135 D:\allProject\stm32_Project\AD7606_Demo/Drivers/DSP\libarm_cortexM4lf_math.a(arm_common_tables.o)

.debug_str      0x0000000000000000    0xcc368
 .debug_str     0x0000000000000000    0xc4cd8 ./Core/Src/fsmc.o
                                      0xc5030 (size before relaxing)
 .debug_str     0x00000000000c4cd8      0x55e ./Core/Src/gpio.o
                                      0xc5008 (size before relaxing)
 .debug_str     0x00000000000c5236     0x3daf ./Core/Src/main.o
                                      0xc8866 (size before relaxing)
 .debug_str     0x00000000000c8fe5       0x2c ./Core/Src/stm32f4xx_hal_msp.o
                                      0xc4a1d (size before relaxing)
 .debug_str     0x00000000000c9011       0xf5 ./Core/Src/stm32f4xx_it.o
                                      0xc49e3 (size before relaxing)
 .debug_str     0x00000000000c9106       0xdb ./Core/Src/system_stm32f4xx.o
                                      0xc4979 (size before relaxing)
 .debug_str     0x00000000000c91e1      0x454 ./Core/Src/tim.o
                                      0xc5208 (size before relaxing)
 .debug_str     0x00000000000c9635       0x36 ./Core/Startup/startup_stm32f407zgtx.o
                                         0x64 (size before relaxing)
 .debug_str     0x00000000000c966b      0x617 ./Drivers/STM32F4xx_HAL_Driver/Src/stm32f4xx_hal.o
                                      0xc54fd (size before relaxing)
 .debug_str     0x00000000000c9c82      0x341 ./Drivers/STM32F4xx_HAL_Driver/Src/stm32f4xx_hal_cortex.o
                                      0xc5230 (size before relaxing)
 .debug_str     0x00000000000c9fc3      0x108 ./Drivers/STM32F4xx_HAL_Driver/Src/stm32f4xx_hal_gpio.o
                                      0xc4af4 (size before relaxing)
 .debug_str     0x00000000000ca0cb      0x233 ./Drivers/STM32F4xx_HAL_Driver/Src/stm32f4xx_hal_rcc.o
                                      0xc4dad (size before relaxing)
 .debug_str     0x00000000000ca2fe      0x20b ./Drivers/STM32F4xx_HAL_Driver/Src/stm32f4xx_hal_sram.o
                                      0xc4f77 (size before relaxing)
 .debug_str     0x00000000000ca509      0xd85 ./Drivers/STM32F4xx_HAL_Driver/Src/stm32f4xx_hal_tim.o
                                      0xc5cf3 (size before relaxing)
 .debug_str     0x00000000000cb28e      0x493 ./Drivers/STM32F4xx_HAL_Driver/Src/stm32f4xx_hal_tim_ex.o
                                      0xc550f (size before relaxing)
 .debug_str     0x00000000000cb721      0x5c9 ./Drivers/STM32F4xx_HAL_Driver/Src/stm32f4xx_ll_fsmc.o
                                      0xc51e4 (size before relaxing)
 .debug_str     0x00000000000cbcea      0x171 D:\allProject\stm32_Project\AD7606_Demo/Drivers/DSP\libarm_cortexM4lf_math.a(arm_sin_f32.o)
                                        0x255 (size before relaxing)
 .debug_str     0x00000000000cbe5b      0x50d D:\allProject\stm32_Project\AD7606_Demo/Drivers/DSP\libarm_cortexM4lf_math.a(arm_common_tables.o)
                                        0x717 (size before relaxing)

.comment        0x0000000000000000       0xbe
 .comment       0x0000000000000000       0x50 ./Core/Src/fsmc.o
                                         0x51 (size before relaxing)
 .comment       0x0000000000000050       0x51 ./Core/Src/gpio.o
 .comment       0x0000000000000050       0x51 ./Core/Src/main.o
 .comment       0x0000000000000050       0x51 ./Core/Src/stm32f4xx_hal_msp.o
 .comment       0x0000000000000050       0x51 ./Core/Src/stm32f4xx_it.o
 .comment       0x0000000000000050       0x51 ./Core/Src/system_stm32f4xx.o
 .comment       0x0000000000000050       0x51 ./Core/Src/tim.o
 .comment       0x0000000000000050       0x51 ./Drivers/STM32F4xx_HAL_Driver/Src/stm32f4xx_hal.o
 .comment       0x0000000000000050       0x51 ./Drivers/STM32F4xx_HAL_Driver/Src/stm32f4xx_hal_cortex.o
 .comment       0x0000000000000050       0x51 ./Drivers/STM32F4xx_HAL_Driver/Src/stm32f4xx_hal_gpio.o
 .comment       0x0000000000000050       0x51 ./Drivers/STM32F4xx_HAL_Driver/Src/stm32f4xx_hal_rcc.o
 .comment       0x0000000000000050       0x51 ./Drivers/STM32F4xx_HAL_Driver/Src/stm32f4xx_hal_sram.o
 .comment       0x0000000000000050       0x51 ./Drivers/STM32F4xx_HAL_Driver/Src/stm32f4xx_hal_tim.o
 .comment       0x0000000000000050       0x51 ./Drivers/STM32F4xx_HAL_Driver/Src/stm32f4xx_hal_tim_ex.o
 .comment       0x0000000000000050       0x51 ./Drivers/STM32F4xx_HAL_Driver/Src/stm32f4xx_ll_fsmc.o
 .comment       0x0000000000000050       0x6e D:\allProject\stm32_Project\AD7606_Demo/Drivers/DSP\libarm_cortexM4lf_math.a(arm_sin_f32.o)
                                         0x6f (size before relaxing)
 .comment       0x00000000000000be       0x6f D:\allProject\stm32_Project\AD7606_Demo/Drivers/DSP\libarm_cortexM4lf_math.a(arm_common_tables.o)

.debug_frame    0x0000000000000000     0x2ecc
 .debug_frame   0x0000000000000000       0xbc ./Core/Src/fsmc.o
 .debug_frame   0x00000000000000bc       0x34 ./Core/Src/gpio.o
 .debug_frame   0x00000000000000f0       0x68 ./Core/Src/main.o
 .debug_frame   0x0000000000000158       0x38 ./Core/Src/stm32f4xx_hal_msp.o
 .debug_frame   0x0000000000000190      0x120 ./Core/Src/stm32f4xx_it.o
 .debug_frame   0x00000000000002b0       0x58 ./Core/Src/system_stm32f4xx.o
 .debug_frame   0x0000000000000308       0xa8 ./Core/Src/tim.o
 .debug_frame   0x00000000000003b0      0x374 ./Drivers/STM32F4xx_HAL_Driver/Src/stm32f4xx_hal.o
 .debug_frame   0x0000000000000724      0x498 ./Drivers/STM32F4xx_HAL_Driver/Src/stm32f4xx_hal_cortex.o
 .debug_frame   0x0000000000000bbc      0x14c ./Drivers/STM32F4xx_HAL_Driver/Src/stm32f4xx_hal_gpio.o
 .debug_frame   0x0000000000000d08      0x1f4 ./Drivers/STM32F4xx_HAL_Driver/Src/stm32f4xx_hal_rcc.o
 .debug_frame   0x0000000000000efc      0x30c ./Drivers/STM32F4xx_HAL_Driver/Src/stm32f4xx_hal_sram.o
 .debug_frame   0x0000000000001208     0x11c4 ./Drivers/STM32F4xx_HAL_Driver/Src/stm32f4xx_hal_tim.o
 .debug_frame   0x00000000000023cc      0x638 ./Drivers/STM32F4xx_HAL_Driver/Src/stm32f4xx_hal_tim_ex.o
 .debug_frame   0x0000000000002a04      0x2dc ./Drivers/STM32F4xx_HAL_Driver/Src/stm32f4xx_ll_fsmc.o
 .debug_frame   0x0000000000002ce0       0x20 D:\allProject\stm32_Project\AD7606_Demo/Drivers/DSP\libarm_cortexM4lf_math.a(arm_sin_f32.o)
 .debug_frame   0x0000000000002d00       0x2c e:/tool/cubeide/stm32cubeide/plugins/com.st.stm32cube.ide.mcu.externaltools.gnu-tools-for-stm32.10.3-2021.10.win32_1.0.0.202111181127/tools/bin/../lib/gcc/arm-none-eabi/10.3.1/../../../../arm-none-eabi/lib/thumb/v7e-m+fp/hard\libc_nano.a(lib_a-init.o)
 .debug_frame   0x0000000000002d2c       0x20 e:/tool/cubeide/stm32cubeide/plugins/com.st.stm32cube.ide.mcu.externaltools.gnu-tools-for-stm32.10.3-2021.10.win32_1.0.0.202111181127/tools/bin/../lib/gcc/arm-none-eabi/10.3.1/../../../../arm-none-eabi/lib/thumb/v7e-m+fp/hard\libc_nano.a(lib_a-memset.o)
 .debug_frame   0x0000000000002d4c       0xac e:/tool/cubeide/stm32cubeide/plugins/com.st.stm32cube.ide.mcu.externaltools.gnu-tools-for-stm32.10.3-2021.10.win32_1.0.0.202111181127/tools/bin/../lib/gcc/arm-none-eabi/10.3.1/thumb/v7e-m+fp/hard\libgcc.a(_arm_addsubdf3.o)
 .debug_frame   0x0000000000002df8       0x50 e:/tool/cubeide/stm32cubeide/plugins/com.st.stm32cube.ide.mcu.externaltools.gnu-tools-for-stm32.10.3-2021.10.win32_1.0.0.202111181127/tools/bin/../lib/gcc/arm-none-eabi/10.3.1/thumb/v7e-m+fp/hard\libgcc.a(_arm_muldivdf3.o)
 .debug_frame   0x0000000000002e48       0x24 e:/tool/cubeide/stm32cubeide/plugins/com.st.stm32cube.ide.mcu.externaltools.gnu-tools-for-stm32.10.3-2021.10.win32_1.0.0.202111181127/tools/bin/../lib/gcc/arm-none-eabi/10.3.1/thumb/v7e-m+fp/hard\libgcc.a(_arm_truncdfsf2.o)
 .debug_frame   0x0000000000002e6c       0x2c e:/tool/cubeide/stm32cubeide/plugins/com.st.stm32cube.ide.mcu.externaltools.gnu-tools-for-stm32.10.3-2021.10.win32_1.0.0.202111181127/tools/bin/../lib/gcc/arm-none-eabi/10.3.1/thumb/v7e-m+fp/hard\libgcc.a(_aeabi_uldivmod.o)
 .debug_frame   0x0000000000002e98       0x34 e:/tool/cubeide/stm32cubeide/plugins/com.st.stm32cube.ide.mcu.externaltools.gnu-tools-for-stm32.10.3-2021.10.win32_1.0.0.202111181127/tools/bin/../lib/gcc/arm-none-eabi/10.3.1/thumb/v7e-m+fp/hard\libgcc.a(_udivmoddi4.o)

.debug_loc      0x0000000000000000       0xf4
 .debug_loc     0x0000000000000000       0xf4 D:\allProject\stm32_Project\AD7606_Demo/Drivers/DSP\libarm_cortexM4lf_math.a(arm_sin_f32.o)
